// Jest Snapshot v1, https://goo.gl/fbAQLP

exports[`Empty renders correctly 1`] = `
<div
  class="pf-c-empty-state pf-m-lg"
>
  <div
    class="pf-c-empty-state__content"
  >
    <svg
      aria-hidden="true"
      class="pf-c-empty-state__icon"
      fill="currentColor"
      height="1em"
      role="img"
      style="vertical-align: -0.125em;"
      viewBox="0 0 1088 1024"
      width="1em"
    >
      <path
        d="M1088,608 L1088,1024 L384,1024 L384,548.5 C384,548.5 384,512 420.5,512 L661,512 C698.2,512 715.6,549.7 715.6,549.7 L729.8,576 L1056,576 C1073.7,576 1088,590.3 1088,608 L1088,608 Z M320,547.5 C320,540.2 321.1,521.1 331.3,500.6 C348.1,467 382.4,447 421.5,447 L662,447 C694.6,447 725.7,460.7 749.5,485.6 C758.3,494.8 764.7,504 768.9,511 L896,511 L896,352 C896,334.3 881.7,320 864,320 L537.8,320 L523.6,293.7 C523.6,293.7 506.2,256 469,256 L228.5,256 C192,256 192,292.5 192,292.5 L192,768 L320,768 L320,547.5 Z M128,512 L0,512 L0,36.5 C0,36.5 0,0 36.5,0 L277,0 C314.2,0 331.6,37.7 331.6,37.7 L345.8,64 L672,64 C689.7,64 704,78.3 704,96 L704,256 L575.9,256 C571.7,249 565.3,237.8 556.5,228.6 C532.7,203.7 501.6,190 469,190 L228.5,190 C189.5,190 156.1,210 139.3,243.6 C129.1,264 128,283.2 128,290.5 L128,512 Z"
      />
    </svg>
    <h4
      class="pf-c-title pf-m-lg"
      data-ouia-component-id="OUIA-Generated-Title-1"
      data-ouia-component-type="PF4/Title"
      data-ouia-safe="true"
    >
      Test empty state title
    </h4>
    <div
      class="pf-c-empty-state__body"
    >
      Test empty state body
    </div>
    <button
      aria-disabled="false"
      class="pf-c-button pf-m-link"
      data-ouia-component-id="OUIA-Generated-Button-link-1"
      data-ouia-component-type="PF4/Button"
      data-ouia-safe="true"
      type="button"
    >
      Primary action
    </button>
    <div
      class="pf-c-empty-state__secondary"
    >
      <a
        aria-disabled="false"
        class="pf-c-button pf-m-link"
        data-ouia-component-id="OUIA-Generated-Button-link-2"
        data-ouia-component-type="PF4/Button"
        data-ouia-safe="true"
        href="#"
        target="_blank"
      >
        Secondary action
        <svg
          aria-hidden="true"
          class="pf-u-ml-sm"
          fill="currentColor"
          height="1em"
          role="img"
          style="vertical-align: -0.125em;"
          viewBox="0 0 512 512"
          width="1em"
        >
          <path
            d="M432,320H400a16,16,0,0,0-16,16V448H64V128H208a16,16,0,0,0,16-16V80a16,16,0,0,0-16-16H48A48,48,0,0,0,0,112V464a48,48,0,0,0,48,48H400a48,48,0,0,0,48-48V336A16,16,0,0,0,432,320ZM488,0h-128c-21.37,0-32.05,25.91-17,41l35.73,35.73L135,320.37a24,24,0,0,0,0,34L157.67,377a24,24,0,0,0,34,0L435.28,133.32,471,169c15,15,41,4.5,41-17V24A24,24,0,0,0,488,0Z"
          />
        </svg>
      </a>
    </div>
  </div>
</div>
`;
