// Jest Snapshot v1, https://goo.gl/fbAQLP

exports[`Groups should render correctly 1`] = `
<div
  class="pf-v5-c-skeleton"
  style="--pf-v5-c-skeleton--Width: 100px;"
>
  <span
    class="pf-v5-screen-reader"
  />
</div>
`;
