// Jest Snapshot v1, https://goo.gl/fbAQLP

exports[`Groups should render correctly 1`] = `
<div
  class="pf-c-toolbar"
  data-ouia-component-id="OUIA-Generated-Toolbar-1"
  data-ouia-component-type="PF4/Toolbar"
  data-ouia-safe="true"
  data-testid="toolbar-header-testid"
  id="toolbar-header"
  style="padding: 0px;"
>
  <div
    class="pf-c-toolbar__content"
  >
    <div
      class="pf-c-toolbar__content-section"
    >
      <div
        class="pf-c-toolbar__item"
        data-testid="filter-input-testid"
      >
        <div
          class="pf-c-input-group"
        >
          <div
            class="pf-c-text-input-group"
            id="textInput1"
            name="textInput1"
          >
            <div
              class="pf-c-text-input-group__main pf-m-icon"
            >
              <span
                class="pf-c-text-input-group__text"
              >
                <span
                  class="pf-c-text-input-group__icon"
                >
                  <svg
                    aria-hidden="true"
                    fill="currentColor"
                    height="1em"
                    role="img"
                    style="vertical-align: -0.125em;"
                    viewBox="0 0 512 512"
                    width="1em"
                  >
                    <path
                      d="M505 442.7L405.3 343c-4.5-4.5-10.6-7-17-7H372c27.6-35.3 44-79.7 44-128C416 93.1 322.9 0 208 0S0 93.1 0 208s93.1 208 208 208c48.3 0 92.7-16.4 128-44v16.3c0 6.4 2.5 12.5 7 17l99.7 99.7c9.4 9.4 24.6 9.4 33.9 0l28.3-28.3c9.4-9.4 9.4-24.6.1-34zM208 336c-70.7 0-128-57.2-128-128 0-70.7 57.2-128 128-128 70.7 0 128 57.2 128 128 0 70.7-57.2 128-128 128z"
                    />
                  </svg>
                </span>
                <input
                  aria-label="Select input for name"
                  class="pf-c-text-input-group__text-input"
                  placeholder="Filter by name"
                  type="search"
                  value=""
                />
              </span>
            </div>
            
          </div>
        </div>
      </div>
      <div
        class="pf-c-toolbar__item"
      >
        <button
          aria-disabled="false"
          class="pf-c-button pf-m-primary"
          data-ouia-component-id="OUIA-Generated-Button-primary-1"
          data-ouia-component-type="PF4/Button"
          data-ouia-safe="true"
          type="button"
        >
          Create group
        </button>
      </div>
      <div
        align="[object Object]"
        class="pf-c-toolbar__item pf-m-pagination"
      >
        <div
          class="pf-c-skeleton"
          style="--pf-c-skeleton--Width: 200px;"
        >
          <span
            class="pf-u-screen-reader"
          />
        </div>
      </div>
    </div>
    <div
      class="pf-c-toolbar__expandable-content"
      id="toolbar-header-expandable-content-0"
    >
      <div
        class="pf-c-toolbar__group"
      />
    </div>
  </div>
  <div
    class="pf-c-toolbar__content"
  >
    <div
      class="pf-c-toolbar__content-section"
    >
      <div
        class="pf-c-toolbar__item pf-m-chip-group pf-m-spacer-none"
      />
    </div>
    <div
      class="pf-c-toolbar__expandable-content"
      id="toolbar-header-expandable-content-1"
    >
      <div
        class="pf-c-toolbar__group"
      />
    </div>
  </div>
  <div
    class="pf-c-toolbar__content pf-m-hidden"
    hidden=""
  >
    <div
      class="pf-c-toolbar__group"
    />
  </div>
</div>
`;
