// Jest Snapshot v1, https://goo.gl/fbAQLP

exports[`ImageVersionsTab renders correctly 1`] = `
<div
  class="pf-c-toolbar"
  data-ouia-component-id="OUIA-Generated-Toolbar-1"
  data-ouia-component-type="PF4/Toolbar"
  data-ouia-safe="true"
  data-testid="toolbar-header-testid"
  id="toolbar-header"
  style="padding: 0px;"
>
  <div
    class="pf-c-toolbar__content"
  >
    <div
      class="pf-c-toolbar__content-section"
    >
      <div
        class="pf-c-toolbar__item"
        data-testid="filter-input-testid"
      >
        <div
          class="pf-c-input-group"
        >
          <div
            class="pf-c-select"
            data-ouia-component-id="OUIA-Generated-Select-checkbox-1"
            data-ouia-component-type="PF4/Select"
            data-ouia-safe="true"
            style="width: 11rem;"
          >
            <button
              aria-expanded="false"
              aria-label="Options menu"
              aria-labelledby=" pf-select-toggle-id-0"
              class="pf-c-select__toggle"
              id="pf-select-toggle-id-0"
              type="button"
            >
              <div
                class="pf-c-select__toggle-wrapper"
              >
                <span
                  class="pf-c-select__toggle-text"
                >
                  Filter by status
                </span>
              </div>
              <span
                class="pf-c-select__toggle-arrow"
              >
                <svg
                  aria-hidden="true"
                  fill="currentColor"
                  height="1em"
                  role="img"
                  style="vertical-align: -0.125em;"
                  viewBox="0 0 320 512"
                  width="1em"
                >
                  <path
                    d="M31.3 192h257.3c17.8 0 26.7 21.5 14.1 34.1L174.1 354.8c-7.8 7.8-20.5 7.8-28.3 0L17.2 226.1C4.6 213.5 13.5 192 31.3 192z"
                  />
                </svg>
              </span>
            </button>
          </div>
        </div>
      </div>
      <div
        align="[object Object]"
        class="pf-c-toolbar__item pf-m-pagination"
      >
        <div
          class="pf-c-pagination pf-m-compact"
          data-ouia-component-id="OUIA-Generated-Pagination-top-1"
          data-ouia-component-type="PF4/Pagination"
          data-ouia-safe="true"
          data-testid="pagination-header-test-id"
          id="pagination-options-menu-top-top-pagination"
          style="--pf-c-pagination__nav-page-select--c-form-control--width-chars: 2;"
        >
          <div
            class="pf-c-pagination__total-items"
          >
            <b>
              1
               - 
              2
            </b>
             
            of
             
            <b>
              2
            </b>
             
            
          </div>
          <div
            class="pf-c-options-menu"
            data-ouia-component-type="PF4/PaginationOptionsMenu"
            data-ouia-safe="true"
          >
            <div
              class="pf-c-options-menu__toggle pf-m-plain pf-m-text"
            >
              <span
                class="pf-c-options-menu__toggle-text"
              >
                <b>
                  1
                   - 
                  2
                </b>
                 
                of
                 
                <b>
                  2
                </b>
                 
                
              </span>
              <button
                aria-expanded="false"
                aria-haspopup="listbox"
                aria-label="Items per page"
                class="  pf-c-options-menu__toggle-button"
                data-ouia-component-id="OUIA-Generated-DropdownToggle-1"
                data-ouia-component-type="PF4/DropdownToggle"
                data-ouia-safe="true"
                id="pagination-options-menu-top-top-toggle"
                type="button"
              >
                <span
                  class="pf-c-options-menu__toggle-button-icon"
                >
                  <svg
                    aria-hidden="true"
                    fill="currentColor"
                    height="1em"
                    role="img"
                    style="vertical-align: -0.125em;"
                    viewBox="0 0 320 512"
                    width="1em"
                  >
                    <path
                      d="M31.3 192h257.3c17.8 0 26.7 21.5 14.1 34.1L174.1 354.8c-7.8 7.8-20.5 7.8-28.3 0L17.2 226.1C4.6 213.5 13.5 192 31.3 192z"
                    />
                  </svg>
                </span>
              </button>
            </div>
          </div>
          <nav
            aria-label="Pagination"
            class="pf-c-pagination__nav"
          >
            <div
              class="pf-c-pagination__nav-control"
            >
              <button
                aria-disabled="true"
                aria-label="Go to previous page"
                class="pf-c-button pf-m-plain pf-m-disabled"
                data-action="previous"
                data-ouia-component-id="OUIA-Generated-Button-plain-1"
                data-ouia-component-type="PF4/Button"
                data-ouia-safe="true"
                disabled=""
                type="button"
              >
                <svg
                  aria-hidden="true"
                  fill="currentColor"
                  height="1em"
                  role="img"
                  style="vertical-align: -0.125em;"
                  viewBox="0 0 256 512"
                  width="1em"
                >
                  <path
                    d="M31.7 239l136-136c9.4-9.4 24.6-9.4 33.9 0l22.6 22.6c9.4 9.4 9.4 24.6 0 33.9L127.9 256l96.4 96.4c9.4 9.4 9.4 24.6 0 33.9L201.7 409c-9.4 9.4-24.6 9.4-33.9 0l-136-136c-9.5-9.4-9.5-24.6-.1-34z"
                  />
                </svg>
              </button>
            </div>
            <div
              class="pf-c-pagination__nav-control"
            >
              <button
                aria-disabled="true"
                aria-label="Go to next page"
                class="pf-c-button pf-m-plain pf-m-disabled"
                data-action="next"
                data-ouia-component-id="OUIA-Generated-Button-plain-2"
                data-ouia-component-type="PF4/Button"
                data-ouia-safe="true"
                disabled=""
                type="button"
              >
                <svg
                  aria-hidden="true"
                  fill="currentColor"
                  height="1em"
                  role="img"
                  style="vertical-align: -0.125em;"
                  viewBox="0 0 256 512"
                  width="1em"
                >
                  <path
                    d="M224.3 273l-136 136c-9.4 9.4-24.6 9.4-33.9 0l-22.6-22.6c-9.4-9.4-9.4-24.6 0-33.9l96.4-96.4-96.4-96.4c-9.4-9.4-9.4-24.6 0-33.9L54.3 103c9.4-9.4 24.6-9.4 33.9 0l136 136c9.5 9.4 9.5 24.6.1 34z"
                  />
                </svg>
              </button>
            </div>
          </nav>
        </div>
      </div>
    </div>
    <div
      class="pf-c-toolbar__expandable-content"
      id="toolbar-header-expandable-content-0"
    >
      <div
        class="pf-c-toolbar__group"
      />
    </div>
  </div>
  <div
    class="pf-c-toolbar__content"
  >
    <div
      class="pf-c-toolbar__content-section"
    >
      <div
        class="pf-c-toolbar__item pf-m-chip-group pf-m-spacer-none"
      />
    </div>
    <div
      class="pf-c-toolbar__expandable-content"
      id="toolbar-header-expandable-content-1"
    >
      <div
        class="pf-c-toolbar__group"
      />
    </div>
  </div>
  <div
    class="pf-c-toolbar__content pf-m-hidden"
    hidden=""
  >
    <div
      class="pf-c-toolbar__group"
    />
  </div>
</div>
`;
