// Jest Snapshot v1, https://goo.gl/fbAQLP

exports[`Filter controls should render correctly 1`] = `
<div
  class="pf-v5-c-toolbar__item pf-u-mr-0"
  data-testid="filter-dropdown-testid"
>
  <div
    class="pf-v5-c-select"
    data-ouia-component-id="OUIA-Generated-Select-single-1"
    data-ouia-component-type="PF5/Select"
    data-ouia-safe="true"
    style="width: 11rem;"
  >
    <button
      aria-expanded="false"
      aria-haspopup="listbox"
      aria-label="Options menu"
      aria-labelledby=" pf-select-toggle-id-0"
      class="pf-v5-c-select__toggle"
      id="pf-select-toggle-id-0"
      type="button"
    >
      <div
        class="pf-v5-c-select__toggle-wrapper"
      >
        <span
          class="pf-v5-c-select__toggle-icon"
        >
          <svg
            aria-hidden="true"
            class="pf-v5-svg"
            fill="currentColor"
            height="1em"
            role="img"
            viewBox="0 0 512 512"
            width="1em"
          >
            <path
              d="M487.976 0H24.028C2.71 0-8.047 25.866 7.058 40.971L192 225.941V432c0 7.831 3.821 15.17 10.237 19.662l80 55.98C298.02 518.69 320 507.493 320 487.98V225.941l184.947-184.97C520.021 25.896 509.338 0 487.976 0z"
            />
          </svg>
        </span>
        <span
          class="pf-v5-c-select__toggle-text"
        >
          Test 1
        </span>
      </div>
      <span
        class="pf-v5-c-select__toggle-arrow"
      >
        <svg
          aria-hidden="true"
          class="pf-v5-svg"
          fill="currentColor"
          height="1em"
          role="img"
          viewBox="0 0 320 512"
          width="1em"
        >
          <path
            d="M31.3 192h257.3c17.8 0 26.7 21.5 14.1 34.1L174.1 354.8c-7.8 7.8-20.5 7.8-28.3 0L17.2 226.1C4.6 213.5 13.5 192 31.3 192z"
          />
        </svg>
      </span>
    </button>
  </div>
</div>
`;
