// Jest Snapshot v1, https://goo.gl/fbAQLP

exports[`Filter input checkbox input should render correctly 1`] = `
<div
  class="pf-v5-c-toolbar__item"
  data-testid="filter-input-testid"
>
  <div
    class="pf-v5-c-input-group"
  >
    <div
      class="pf-v5-c-input-group__item"
    >
      <div
        class="pf-v5-c-select pf-m-expanded"
        data-ouia-component-id="OUIA-Generated-Select-checkbox-1"
        data-ouia-component-type="PF5/Select"
        data-ouia-safe="true"
        style="width: 11rem;"
      >
        <button
          aria-expanded="true"
          aria-label="Options menu"
          aria-labelledby=" pf-select-toggle-id-1"
          class="pf-v5-c-select__toggle"
          id="pf-select-toggle-id-1"
          type="button"
        >
          <div
            class="pf-v5-c-select__toggle-wrapper"
          >
            <span
              class="pf-v5-c-select__toggle-text"
            >
              Filter by test 2
            </span>
          </div>
          <span
            class="pf-v5-c-select__toggle-arrow"
          >
            <svg
              aria-hidden="true"
              class="pf-v5-svg"
              fill="currentColor"
              height="1em"
              role="img"
              viewBox="0 0 320 512"
              width="1em"
            >
              <path
                d="M31.3 192h257.3c17.8 0 26.7 21.5 14.1 34.1L174.1 354.8c-7.8 7.8-20.5 7.8-28.3 0L17.2 226.1C4.6 213.5 13.5 192 31.3 192z"
              />
            </svg>
          </span>
        </button>
        <ul
          aria-label="Select input for test 2"
          class="pf-v5-c-select__menu"
          role="listbox"
        >
          <label
            class="pf-v5-c-check pf-v5-c-select__menu-item"
          >
            <input
              class="pf-v5-c-check__input"
              id="pf-random-id-0-option 1"
              type="checkbox"
            />
            <span
              class="pf-v5-c-check__label"
            >
              option 1
            </span>
          </label>
          <label
            class="pf-v5-c-check pf-v5-c-select__menu-item"
          >
            <input
              class="pf-v5-c-check__input"
              id="pf-random-id-0-option 2"
              type="checkbox"
            />
            <span
              class="pf-v5-c-check__label"
            >
              option 2
            </span>
          </label>
        </ul>
      </div>
    </div>
  </div>
</div>
`;

exports[`Filter input text input should render correctly 1`] = `
<div
  class="pf-v5-c-toolbar__item"
  data-testid="filter-input-testid"
>
  <div
    class="pf-v5-c-input-group"
  >
    <div
      class="pf-v5-c-input-group__item"
    >
      <div
        class="pf-v5-c-text-input-group"
        id="textInput1"
        type="search"
      >
        <div
          class="pf-v5-c-text-input-group__main pf-m-icon"
        >
          <span
            class="pf-v5-c-text-input-group__text"
          >
            <span
              class="pf-v5-c-text-input-group__icon"
            >
              <svg
                aria-hidden="true"
                class="pf-v5-svg"
                fill="currentColor"
                height="1em"
                role="img"
                viewBox="0 0 512 512"
                width="1em"
              >
                <path
                  d="M505 442.7L405.3 343c-4.5-4.5-10.6-7-17-7H372c27.6-35.3 44-79.7 44-128C416 93.1 322.9 0 208 0S0 93.1 0 208s93.1 208 208 208c48.3 0 92.7-16.4 128-44v16.3c0 6.4 2.5 12.5 7 17l99.7 99.7c9.4 9.4 24.6 9.4 33.9 0l28.3-28.3c9.4-9.4 9.4-24.6.1-34zM208 336c-70.7 0-128-57.2-128-128 0-70.7 57.2-128 128-128 70.7 0 128 57.2 128 128 0 70.7-57.2 128-128 128z"
                />
              </svg>
            </span>
            <input
              aria-label="Select input for test 1"
              class="pf-v5-c-text-input-group__text-input"
              name="textInput1"
              placeholder="Filter by test 1"
              type="text"
              value="event-test"
            />
          </span>
        </div>
        <div
          class="pf-v5-c-text-input-group__utilities"
        >
          <button
            aria-disabled="false"
            aria-label="Reset"
            class="pf-v5-c-button pf-m-plain"
            data-ouia-component-id="OUIA-Generated-Button-plain-1"
            data-ouia-component-type="PF5/Button"
            data-ouia-safe="true"
            type="button"
          >
            <svg
              aria-hidden="true"
              class="pf-v5-svg"
              fill="currentColor"
              height="1em"
              role="img"
              viewBox="0 0 352 512"
              width="1em"
            >
              <path
                d="M242.72 256l100.07-100.07c12.28-12.28 12.28-32.19 0-44.48l-22.24-22.24c-12.28-12.28-32.19-12.28-44.48 0L176 189.28 75.93 89.21c-12.28-12.28-32.19-12.28-44.48 0L9.21 111.45c-12.28 12.28-12.28 32.19 0 44.48L109.28 256 9.21 356.07c-12.28 12.28-12.28 32.19 0 44.48l22.24 22.24c12.28 12.28 32.2 12.28 44.48 0L176 322.72l100.07 100.07c12.28 12.28 32.2 12.28 44.48 0l22.24-22.24c12.28-12.28 12.28-32.19 0-44.48L242.72 256z"
              />
            </svg>
          </button>
        </div>
      </div>
    </div>
  </div>
</div>
`;
