// Jest Snapshot v1, https://goo.gl/fbAQLP

exports[`Filter chips should render correctly 1`] = `
<div
  aria-labelledby="pf-random-id-0"
  class="pf-v5-c-chip-group pf-u-mr-xs pf-m-category"
  data-ouia-component-type="PF5/ChipGroup"
  data-ouia-safe="true"
  role="group"
>
  <div
    class="pf-v5-c-chip-group__main"
  >
    <span
      class="pf-v5-c-chip-group__label"
      id="pf-random-id-0"
    >
      test-key
    </span>
    <ul
      aria-labelledby="pf-random-id-0"
      class="pf-v5-c-chip-group__list"
      data-testid="filter-chip"
      role="list"
    >
      <li
        class="pf-v5-c-chip-group__list-item"
      >
        <div
          class="pf-v5-c-chip"
          data-ouia-component-id="OUIA-Generated-Chip-1"
          data-ouia-component-type="PF5/Chip"
          data-ouia-safe="true"
        >
          <span
            class="pf-v5-c-chip__content"
          >
            <span
              class="pf-v5-c-chip__text"
              id="pf-random-id-1"
            >
              test-label
            </span>
          </span>
          <span
            class="pf-v5-c-chip__actions"
          >
            <button
              aria-disabled="false"
              aria-label="close"
              aria-labelledby="remove_pf-random-id-1 pf-random-id-1"
              class="pf-v5-c-button pf-m-plain"
              data-ouia-component-id="close"
              data-ouia-component-type="PF5/Button"
              data-ouia-safe="true"
              id="remove_pf-random-id-1"
              type="button"
            >
              <svg
                aria-hidden="true"
                class="pf-v5-svg"
                fill="currentColor"
                height="1em"
                role="img"
                viewBox="0 0 352 512"
                width="1em"
              >
                <path
                  d="M242.72 256l100.07-100.07c12.28-12.28 12.28-32.19 0-44.48l-22.24-22.24c-12.28-12.28-32.19-12.28-44.48 0L176 189.28 75.93 89.21c-12.28-12.28-32.19-12.28-44.48 0L9.21 111.45c-12.28 12.28-12.28 32.19 0 44.48L109.28 256 9.21 356.07c-12.28 12.28-12.28 32.19 0 44.48l22.24 22.24c12.28 12.28 32.2 12.28 44.48 0L176 322.72l100.07 100.07c12.28 12.28 32.2 12.28 44.48 0l22.24-22.24c12.28-12.28 12.28-32.19 0-44.48L242.72 256z"
                />
              </svg>
            </button>
          </span>
        </div>
      </li>
    </ul>
  </div>
</div>
`;
