// Jest Snapshot v1, https://goo.gl/fbAQLP

exports[`ImageSets table to render correctly 1`] = `
<div
  class="pf-c-toolbar"
  data-ouia-component-id="OUIA-Generated-Toolbar-1"
  data-ouia-component-type="PF4/Toolbar"
  data-ouia-safe="true"
  data-testid="toolbar-header-testid"
  id="toolbar"
>
  <div
    class="pf-c-toolbar__content"
  >
    <div
      class="pf-c-toolbar__content-section"
    >
      <div
        class="pf-c-toolbar__item pf-u-mr-0"
        data-testid="filter-dropdown-testid"
      >
        <div
          class="pf-c-select"
          data-ouia-component-id="OUIA-Generated-Select-single-1"
          data-ouia-component-type="PF4/Select"
          data-ouia-safe="true"
          style="width: 11rem;"
        >
          <button
            aria-expanded="false"
            aria-haspopup="listbox"
            aria-label="Options menu"
            aria-labelledby=" pf-select-toggle-id-0"
            class="pf-c-select__toggle"
            id="pf-select-toggle-id-0"
            type="button"
          >
            <div
              class="pf-c-select__toggle-wrapper"
            >
              <span
                class="pf-c-select__toggle-icon"
              >
                <svg
                  aria-hidden="true"
                  fill="currentColor"
                  height="1em"
                  role="img"
                  style="vertical-align: -0.125em;"
                  viewBox="0 0 512 512"
                  width="1em"
                >
                  <path
                    d="M487.976 0H24.028C2.71 0-8.047 25.866 7.058 40.971L192 225.941V432c0 7.831 3.821 15.17 10.237 19.662l80 55.98C298.02 518.69 320 507.493 320 487.98V225.941l184.947-184.97C520.021 25.896 509.338 0 487.976 0z"
                  />
                </svg>
              </span>
              <span
                class="pf-c-select__toggle-text"
              >
                Name
              </span>
            </div>
            <span
              class="pf-c-select__toggle-arrow"
            >
              <svg
                aria-hidden="true"
                fill="currentColor"
                height="1em"
                role="img"
                style="vertical-align: -0.125em;"
                viewBox="0 0 320 512"
                width="1em"
              >
                <path
                  d="M31.3 192h257.3c17.8 0 26.7 21.5 14.1 34.1L174.1 354.8c-7.8 7.8-20.5 7.8-28.3 0L17.2 226.1C4.6 213.5 13.5 192 31.3 192z"
                />
              </svg>
            </span>
          </button>
        </div>
      </div>
      <div
        class="pf-c-toolbar__item"
        data-testid="filter-input-testid"
      >
        <div
          class="pf-c-input-group"
        >
          <div
            class="pf-c-search-input"
            id="textInput1"
            name="textInput1"
            type="search"
          >
            <div
              class="pf-c-input-group"
            >
              <div
                class="pf-c-search-input__bar"
              >
                <span
                  class="pf-c-search-input__text"
                >
                  <span
                    class="pf-c-search-input__icon"
                  >
                    <svg
                      aria-hidden="true"
                      fill="currentColor"
                      height="1em"
                      role="img"
                      style="vertical-align: -0.125em;"
                      viewBox="0 0 512 512"
                      width="1em"
                    >
                      <path
                        d="M505 442.7L405.3 343c-4.5-4.5-10.6-7-17-7H372c27.6-35.3 44-79.7 44-128C416 93.1 322.9 0 208 0S0 93.1 0 208s93.1 208 208 208c48.3 0 92.7-16.4 128-44v16.3c0 6.4 2.5 12.5 7 17l99.7 99.7c9.4 9.4 24.6 9.4 33.9 0l28.3-28.3c9.4-9.4 9.4-24.6.1-34zM208 336c-70.7 0-128-57.2-128-128 0-70.7 57.2-128 128-128 70.7 0 128 57.2 128 128 0 70.7-57.2 128-128 128z"
                      />
                    </svg>
                  </span>
                  <input
                    aria-label="Select input for Name"
                    class="pf-c-search-input__text-input"
                    placeholder="Filter by Name"
                    value=""
                  />
                </span>
                
              </div>
            </div>
          </div>
        </div>
      </div>
      <div
        align="[object Object]"
        class="pf-c-toolbar__item pf-m-pagination"
      >
        <div
          class="pf-c-skeleton"
          style="--pf-c-skeleton--Width: 200px;"
        >
          <span
            class="pf-u-screen-reader"
          />
        </div>
      </div>
    </div>
    <div
      class="pf-c-toolbar__expandable-content"
      id="toolbar-expandable-content-0"
    >
      <div
        class="pf-c-toolbar__group"
      />
    </div>
  </div>
  <div
    class="pf-c-toolbar__content"
  >
    <div
      class="pf-c-toolbar__content-section"
    >
      <div
        class="pf-c-toolbar__item pf-m-chip-group pf-m-spacer-none"
      />
    </div>
    <div
      class="pf-c-toolbar__expandable-content"
      id="toolbar-expandable-content-1"
    >
      <div
        class="pf-c-toolbar__group"
      />
    </div>
  </div>
  <div
    class="pf-c-toolbar__content pf-m-hidden"
    hidden=""
  >
    <div
      class="pf-c-toolbar__group"
    />
  </div>
</div>
`;
