// Jest Snapshot v1, https://goo.gl/fbAQLP

exports[`ImageSets table to render correctly 1`] = `
<div
  class="pf-v5-c-empty-state pf-m-lg"
>
  <div
    class="pf-v5-c-empty-state__content"
  >
    <div
      class="pf-v5-c-empty-state__icon"
    >
      <svg
        aria-hidden="true"
        class="pf-v5-svg"
        fill="currentColor"
        height="1em"
        role="img"
        viewBox="0 0 512 512"
        width="1em"
      >
        <path
          d="M256 8C119 8 8 119 8 256s111 248 248 248 248-111 248-248S393 8 256 8zm144 276c0 6.6-5.4 12-12 12h-92v92c0 6.6-5.4 12-12 12h-56c-6.6 0-12-5.4-12-12v-92h-92c-6.6 0-12-5.4-12-12v-56c0-6.6 5.4-12 12-12h92v-92c0-6.6 5.4-12 12-12h56c6.6 0 12 5.4 12 12v92h92c6.6 0 12 5.4 12 12v56z"
        />
      </svg>
    </div>
    <div
      class="pf-v5-c-empty-state__header"
    >
      <div
        class="pf-v5-c-empty-state__title"
      >
        <h4
          class="pf-v5-c-empty-state__title-text"
        >
          Create an OSTree image
        </h4>
      </div>
    </div>
    <div
      class="pf-v5-c-empty-state__body"
    >
      <div>
        Image builder is a tool to compose customized RHEL (rpm-ostree) images optimized for Edge. 
        <br />
        <br />
      </div>
      <div>
        With OSTree, you can manage the system software by referencing a central image repository. Images contain a complete operating system ready to be remotely installed at scale. Updates to images are tracked through commits and enable secure updates that only address changes and keep the operating system unchanged. Image updates are quick, and rollbacks are easy.
        <br />
        <br />
      </div>
    </div>
    <div
      class="pf-v5-c-empty-state__footer"
    >
      <div
        class="pf-v5-c-empty-state__actions"
      >
        <div
          class="pf-v5-l-stack"
        >
          <div
            class="pf-v5-l-stack__item"
          >
            <a
              aria-disabled="false"
              class="pf-v5-c-button pf-m-link"
              data-ouia-component-id="OUIA-Generated-Button-link-1"
              data-ouia-component-type="PF5/Button"
              data-ouia-safe="true"
              href="https://ostreedev.github.io/ostree/"
              target="_blank"
            >
              Learn more about OSTree.
              <svg
                aria-hidden="true"
                class="pf-v5-svg pf-u-ml-sm"
                fill="currentColor"
                height="1em"
                role="img"
                viewBox="0 0 512 512"
                width="1em"
              >
                <path
                  d="M432,320H400a16,16,0,0,0-16,16V448H64V128H208a16,16,0,0,0,16-16V80a16,16,0,0,0-16-16H48A48,48,0,0,0,0,112V464a48,48,0,0,0,48,48H400a48,48,0,0,0,48-48V336A16,16,0,0,0,432,320ZM488,0h-128c-21.37,0-32.05,25.91-17,41l35.73,35.73L135,320.37a24,24,0,0,0,0,34L157.67,377a24,24,0,0,0,34,0L435.28,133.32,471,169c15,15,41,4.5,41-17V24A24,24,0,0,0,488,0Z"
                />
              </svg>
            </a>
          </div>
          <div
            class="pf-v5-l-stack__item"
          >
            <button
              aria-disabled="false"
              class="pf-v5-c-button pf-m-primary edge-stretched-button"
              data-ouia-component-id="OUIA-Generated-Button-primary-1"
              data-ouia-component-type="PF5/Button"
              data-ouia-safe="true"
              target=""
              type="button"
            >
              Create image.
            </button>
          </div>
          <div
            class="pf-v5-l-stack__item"
          >
            <a
              aria-disabled="false"
              class="pf-v5-c-button pf-m-link"
              data-ouia-component-id="OUIA-Generated-Button-link-2"
              data-ouia-component-type="PF5/Button"
              data-ouia-safe="true"
              href="https://access.redhat.com/documentation/en-us/edge_management/2022/html/create_rhel_for_edge_images_and_configure_automated_management/index"
              target="_blank"
            >
              Image builder for OSTree documentation
              <svg
                aria-hidden="true"
                class="pf-v5-svg pf-u-ml-sm"
                fill="currentColor"
                height="1em"
                role="img"
                viewBox="0 0 512 512"
                width="1em"
              >
                <path
                  d="M432,320H400a16,16,0,0,0-16,16V448H64V128H208a16,16,0,0,0,16-16V80a16,16,0,0,0-16-16H48A48,48,0,0,0,0,112V464a48,48,0,0,0,48,48H400a48,48,0,0,0,48-48V336A16,16,0,0,0,432,320ZM488,0h-128c-21.37,0-32.05,25.91-17,41l35.73,35.73L135,320.37a24,24,0,0,0,0,34L157.67,377a24,24,0,0,0,34,0L435.28,133.32,471,169c15,15,41,4.5,41-17V24A24,24,0,0,0,488,0Z"
                />
              </svg>
            </a>
          </div>
        </div>
      </div>
    </div>
  </div>
</div>
`;
